// Jest Snapshot v1, https://goo.gl/fbAQLP

exports[`ArtistQuestionScreen is rendered correctly 1`] = `
<section
  className="game game--artist"
>
  <header
    className="game__header"
  >
    <a
      className="game__back"
      href="#"
    >
      <span
        className="visually-hidden"
      >
        Сыграть ещё раз
      </span>
      <img
        alt="Угадай мелодию"
        className="game__logo"
        src="img/melody-logo-ginger.png"
      />
    </a>
    <svg
      className="timer"
      viewBox="0 0 780 780"
      xmlns="http://www.w3.org/2000/svg"
    >
      <circle
        className="timer__line"
        cx="390"
        cy="390"
        r="370"
        style={
          Object {
            "filter": "url(#blur)",
            "transform": "rotate(-90deg) scaleY(-1)",
            "transformOrigin": "center",
          }
        }
      />
    </svg>
    <div
      className="game__mistakes"
    >
      <div
        className="wrong"
      />
      <div
        className="wrong"
      />
      <div
        className="wrong"
      />
    </div>
  </header>
  <section
    className="game__screen"
  >
    <h2
      className="game__title"
    >
      Кто исполняет эту песню?
    </h2>
    <div
      className="game__track"
    >
      <div
        className="track"
      >
        <button
          className="track__button track__button--play"
          type="button"
        />
        <div
          className="track__status"
        >
          <audio
            src="https://upload.wikimedia.org/wikipedia/commons/4/4e/BWV_543-fugue.ogg"
          />
        </div>
      </div>
    </div>
    <form
      className="game__artist"
    />
  </section>
</section>
`;
